###############################################################################
#
# IAR ELF Linker V8.50.6.265/W32 for ARM                  03/Dec/2020  17:41:38
# Copyright 2007-2020 IAR Systems AB.
#
#    Output file  =  C:\Users\NearDogg\Desktop\HW3\Debug\Exe\HW3.out
#    Map file     =  C:\Users\NearDogg\Desktop\HW3\Debug\List\HW3.map
#    Command line =
#        -f C:\Users\NearDogg\AppData\Local\Temp\EW39FE.tmp
#        (C:\Users\NearDogg\Desktop\HW3\Debug\Obj\cstartup.o
#        C:\Users\NearDogg\Desktop\HW3\Debug\Obj\exceptions.o
#        C:\Users\NearDogg\Desktop\HW3\Debug\Obj\main.o
#        C:\Users\NearDogg\Desktop\HW3\Debug\Obj\startup_sam3x.o
#        C:\Users\NearDogg\Desktop\HW3\Debug\Obj\system_sam3x.o
#        --no_out_extension -o C:\Users\NearDogg\Desktop\HW3\Debug\Exe\HW3.out
#        --redirect _Printf=_PrintfFullNoMb --redirect _Scanf=_ScanfFullNoMb
#        --map C:\Users\NearDogg\Desktop\HW3\Debug\List\HW3.map --config
#        "C:\Program Files (x86)\IAR Systems\Embedded Workbench
#        8.4\arm\config\linker\Microchip\sam3x8\sram.icf" --semihosting --entry
#        __iar_program_start --vfe --text_out locale)
#
###############################################################################

*******************************************************************************
*** MESSAGES
***

Error[Li005]: no definition for "main" [referenced from cmain.o(rt7M_tl.a)]


*******************************************************************************
*** RUNTIME MODEL ATTRIBUTES
***

CppFlavor       = *
__SystemLibrary = DLib
__dlib_version  = 6


*******************************************************************************
*** HEAP SELECTION
***

The basic heap was selected because some modules are built with
size limitations (and not runtime checking), and --advanced_heap
was not specified.


*******************************************************************************
*** PLACEMENT SUMMARY
***

"A0":  place at address 0x2007'0000 { ro section .intvec };
"P1":  place in [from 0x2007'0000 to 0x2008'7fff] { ro };
define block CSTACK with size = 4K, alignment = 8 { };
define block HEAP with size = 8K, alignment = 8 { };
"P2":  place in [from 0x2007'0000 to 0x2008'7fff] {
          rw, block CSTACK, block HEAP };

No sections matched the following patterns:

  rw  in "P1-P2"


  Section    Kind         Address    Size  Object
  -------    ----         -------    ----  ------
"A0":                                0xf4
  .intvec             0x2007'0000    0xf4  <Block>
    .intvec  const    0x2007'0000    0xf4  startup_sam3x.o [1]
                    - 0x2007'00f4    0xf4

"P1-P2", part 1 of 2:                0x80
  .text      ro code  0x2007'00f4    0x30  startup_sam3x.o [1]
  .text      ro code  0x2007'0124     0xc  cstartup.o [1]
  .text      ro code  0x2007'0130    0x1e  cmain.o [3]
  .text      ro code  0x2007'014e     0x4  exit.o [2]
  .text      ro code  0x2007'0152     0x2  exceptions.o [1]
  .text      ro code  0x2007'0154     0xa  cexit.o [3]
  .text      ro code  0x2007'0160    0x14  exit.o [4]
                    - 0x2007'0174    0x80

"P1-P2", part 2 of 2:              0x1000
  CSTACK              0x2007'0178  0x1000  <Block>
    CSTACK   uninit   0x2007'0178  0x1000  <Block tail>
                    - 0x2007'1178  0x1000

Unused ranges:

         From           To      Size
         ----           --      ----
  0x2007'0174  0x2007'0177       0x4
  0x2007'1178  0x2008'7fff  0x1'6e88



*******************************************************************************
*** MODULE SUMMARY
***

    Module           ro code  ro data  rw data
    ------           -------  -------  -------
command line/config:
    ------------------------------------------
    Total:

C:\Users\NearDogg\Desktop\HW3\Debug\Obj: [1]
    cstartup.o            12
    exceptions.o           2
    startup_sam3x.o       48      244
    ------------------------------------------
    Total:                62      244

dl7M_tln.a: [2]
    exit.o                 4
    ------------------------------------------
    Total:                 4

rt7M_tl.a: [3]
    cexit.o               10
    cmain.o               30
    ------------------------------------------
    Total:                40

shb_l.a: [4]
    exit.o                20
    ------------------------------------------
    Total:                20

    Gaps                   2
    Linker created                       4'096
----------------------------------------------
    Grand Total:         128      244    4'096


*******************************************************************************
*** ENTRY LIST
***

Entry                     Address  Size  Type      Object
-----                     -------  ----  ----      ------
.intvec$$Base         0x2007'0000         --   Gb  - Linker created -
.intvec$$Limit        0x2007'00f4         --   Gb  - Linker created -
?main                 0x2007'0131        Code  Gb  cmain.o [3]
ADC_Handler           0x2007'0153   0x2  Code  Wk  exceptions.o [1]
BusFault_Handler      0x2007'0153   0x2  Code  Wk  exceptions.o [1]
CAN0_Handler          0x2007'0153   0x2  Code  Wk  exceptions.o [1]
CAN1_Handler          0x2007'0153   0x2  Code  Wk  exceptions.o [1]
CSTACK$$Base          0x2007'0178         --   Gb  - Linker created -
CSTACK$$Limit         0x2007'1178         --   Gb  - Linker created -
DACC_Handler          0x2007'0153   0x2  Code  Wk  exceptions.o [1]
DMAC_Handler          0x2007'0153   0x2  Code  Wk  exceptions.o [1]
DebugMon_Handler      0x2007'0153   0x2  Code  Wk  exceptions.o [1]
Dummy_Handler         0x2007'0153   0x2  Code  Gb  exceptions.o [1]
EFC0_Handler          0x2007'0153   0x2  Code  Wk  exceptions.o [1]
EFC1_Handler          0x2007'0153   0x2  Code  Wk  exceptions.o [1]
HSMCI_Handler         0x2007'0153   0x2  Code  Wk  exceptions.o [1]
HardFault_Handler     0x2007'0153   0x2  Code  Wk  exceptions.o [1]
MemManage_Handler     0x2007'0153   0x2  Code  Wk  exceptions.o [1]
NMI_Handler           0x2007'0153   0x2  Code  Wk  exceptions.o [1]
PIOA_Handler          0x2007'0153   0x2  Code  Wk  exceptions.o [1]
PIOB_Handler          0x2007'0153   0x2  Code  Wk  exceptions.o [1]
PIOC_Handler          0x2007'0153   0x2  Code  Wk  exceptions.o [1]
PIOD_Handler          0x2007'0153   0x2  Code  Wk  exceptions.o [1]
PMC_Handler           0x2007'0153   0x2  Code  Wk  exceptions.o [1]
PWM_Handler           0x2007'0153   0x2  Code  Wk  exceptions.o [1]
PendSV_Handler        0x2007'0153   0x2  Code  Wk  exceptions.o [1]
RSTC_Handler          0x2007'0153   0x2  Code  Wk  exceptions.o [1]
RTC_Handler           0x2007'0153   0x2  Code  Wk  exceptions.o [1]
RTT_Handler           0x2007'0153   0x2  Code  Wk  exceptions.o [1]
Region$$Table$$Base           0x0         --   Gb  - Linker created -
Region$$Table$$Limit          0x0         --   Gb  - Linker created -
Reset_Handler         0x2007'011d   0x8  Code  Gb  startup_sam3x.o [1]
SPI0_Handler          0x2007'0153   0x2  Code  Wk  exceptions.o [1]
SSC_Handler           0x2007'0153   0x2  Code  Wk  exceptions.o [1]
SUPC_Handler          0x2007'0153   0x2  Code  Wk  exceptions.o [1]
SVC_Handler           0x2007'0153   0x2  Code  Wk  exceptions.o [1]
SysTick_Handler       0x2007'0153   0x2  Code  Wk  exceptions.o [1]
TC0_Handler           0x2007'0153   0x2  Code  Wk  exceptions.o [1]
TC1_Handler           0x2007'0153   0x2  Code  Wk  exceptions.o [1]
TC2_Handler           0x2007'0153   0x2  Code  Wk  exceptions.o [1]
TC3_Handler           0x2007'0153   0x2  Code  Wk  exceptions.o [1]
TC4_Handler           0x2007'0153   0x2  Code  Wk  exceptions.o [1]
TC5_Handler           0x2007'0153   0x2  Code  Wk  exceptions.o [1]
TRNG_Handler          0x2007'0153   0x2  Code  Wk  exceptions.o [1]
TWI0_Handler          0x2007'0153   0x2  Code  Wk  exceptions.o [1]
TWI1_Handler          0x2007'0153   0x2  Code  Wk  exceptions.o [1]
UART_Handler          0x2007'0153   0x2  Code  Wk  exceptions.o [1]
UOTGHS_Handler        0x2007'0153   0x2  Code  Wk  exceptions.o [1]
USART0_Handler        0x2007'0153   0x2  Code  Wk  exceptions.o [1]
USART1_Handler        0x2007'0153   0x2  Code  Wk  exceptions.o [1]
USART2_Handler        0x2007'0153   0x2  Code  Wk  exceptions.o [1]
UsageFault_Handler    0x2007'0153   0x2  Code  Wk  exceptions.o [1]
WDT_Handler           0x2007'0153   0x2  Code  Wk  exceptions.o [1]
__cmain               0x2007'0131        Code  Gb  cmain.o [3]
__exit                0x2007'0161  0x14  Code  Gb  exit.o [4]
__iar_program_start   0x2007'0125        Code  Gb  cstartup.o [1]
__low_level_init      0x2007'00f5  0x20  Code  Gb  startup_sam3x.o [1]
__vector_table        0x2007'0000  0xf4  Data  Gb  startup_sam3x.o [1]
_call_main            0x2007'013d        Code  Gb  cmain.o [3]
_exit                 0x2007'0155        Code  Gb  cexit.o [3]
_main                 0x2007'014b        Code  Gb  cmain.o [3]
exit                  0x2007'014f   0x4  Code  Gb  exit.o [2]


[1] = C:\Users\NearDogg\Desktop\HW3\Debug\Obj
[2] = dl7M_tln.a
[3] = rt7M_tl.a
[4] = shb_l.a

    128 bytes of readonly  code memory
    244 bytes of readonly  data memory
  4'096 bytes of readwrite data memory

Errors: 1
Warnings: none
