###############################################################################
#
# IAR ELF Linker V8.50.9.278/W32 for ARM                  10/Dec/2020  05:33:59
# Copyright 2007-2020 IAR Systems AB.
#
#    Output file  =
#        C:\Users\nkill\Desktop\Mohmmad Hammoud's Work\DST 1\Lab 2 - DST
#        1\LabHW2\Debug\Exe\lab.out
#    Map file     =
#        C:\Users\nkill\Desktop\Mohmmad Hammoud's Work\DST 1\Lab 2 - DST
#        1\LabHW2\Debug\List\lab.map
#    Command line =
#        -f C:\Users\nkill\AppData\Local\Temp\EW2994.tmp
#        ("C:\Users\nkill\Desktop\Mohmmad Hammoud's Work\DST 1\Lab 2 - DST
#        1\LabHW2\Debug\Obj\cstartup.o" "C:\Users\nkill\Desktop\Mohmmad
#        Hammoud's Work\DST 1\Lab 2 - DST 1\LabHW2\Debug\Obj\exceptions.o"
#        "C:\Users\nkill\Desktop\Mohmmad Hammoud's Work\DST 1\Lab 2 - DST
#        1\LabHW2\Debug\Obj\main.o" "C:\Users\nkill\Desktop\Mohmmad Hammoud's
#        Work\DST 1\Lab 2 - DST 1\LabHW2\Debug\Obj\startup_sam3x.o"
#        "C:\Users\nkill\Desktop\Mohmmad Hammoud's Work\DST 1\Lab 2 - DST
#        1\LabHW2\Debug\Obj\system_sam3x.o" --no_out_extension -o
#        "C:\Users\nkill\Desktop\Mohmmad Hammoud's Work\DST 1\Lab 2 - DST
#        1\LabHW2\Debug\Exe\lab.out" --redirect _Printf=_PrintfFullNoMb
#        --redirect _Scanf=_ScanfFullNoMb --map "C:\Users\nkill\Desktop\Mohmmad
#        Hammoud's Work\DST 1\Lab 2 - DST 1\LabHW2\Debug\List\lab.map" --config
#        "C:\Program Files (x86)\IAR Systems\Embedded Workbench
#        8.4\arm\config\linker\Microchip\sam3x8\sram.icf" --semihosting --entry
#        __iar_program_start --vfe --text_out locale)
#
###############################################################################

*******************************************************************************
*** RUNTIME MODEL ATTRIBUTES
***

CppFlavor       = *
__SystemLibrary = DLib
__dlib_version  = 6


*******************************************************************************
*** HEAP SELECTION
***

The basic heap was selected because some modules are built with
size limitations (and not runtime checking), and --advanced_heap
was not specified.


*******************************************************************************
*** PLACEMENT SUMMARY
***

"A0":  place at address 0x2007'0000 { ro section .intvec };
"P1":  place in [from 0x2007'0000 to 0x2008'7fff] { ro };
define block CSTACK with size = 4K, alignment = 8 { };
define block HEAP with size = 8K, alignment = 8 { };
"P2":  place in [from 0x2007'0000 to 0x2008'7fff] {
          rw, block CSTACK, block HEAP };
initialize by copy with packing = copy, complex ranges { rw };

  Section            Kind         Address    Size  Object
  -------            ----         -------    ----  ------
"A0":                                        0xf4
  .intvec                     0x2007'0000    0xf4  <Block>
    .intvec          const    0x2007'0000    0xf4  startup_sam3x.o [1]
                            - 0x2007'00f4    0xf4

"P1-P2", part 1 of 2:                       0x4fc
  .text              ro code  0x2007'00f4   0x34c  main.o [1]
  .text              ro code  0x2007'0440    0xa0  system_sam3x.o [1]
  .text              ro code  0x2007'04e0    0x30  startup_sam3x.o [1]
  .text              ro code  0x2007'0510     0xc  cstartup.o [1]
  .text              ro code  0x2007'051c    0x1e  cmain.o [3]
  .text              ro code  0x2007'053a    0x2e  copy_init3.o [3]
  .text              ro code  0x2007'0568    0x28  data_init.o [3]
  .text              ro code  0x2007'0590     0x4  exit.o [2]
  .text              ro code  0x2007'0594     0xa  cexit.o [3]
  .text              ro code  0x2007'059e     0x2  exceptions.o [1]
  .text              ro code  0x2007'05a0    0x14  exit.o [4]
  .iar.init_table    const    0x2007'05b4    0x14  - Linker created -
  .rodata            const    0x2007'05c8     0x0  copy_init3.o [3]
  P1-P2 s0                    0x2007'05c8    0x14  <Init block>
    .data            inited   0x2007'05c8     0x4  system_sam3x.o [1]
    .bss             inited   0x2007'05cc     0x4  main.o [1]
    .bss             inited   0x2007'05d0     0x4  main.o [1]
    .bss             inited   0x2007'05d4     0x4  main.o [1]
    .bss             inited   0x2007'05d8     0x4  main.o [1]
  Initializer bytes  const    0x2007'05dc    0x14  <for P1-P2 s0>
                            - 0x2007'05f0   0x4fc

"P1-P2", part 2 of 2:                      0x1000
  CSTACK                      0x2007'05f0  0x1000  <Block>
    CSTACK           uninit   0x2007'05f0  0x1000  <Block tail>
                            - 0x2007'15f0  0x1000

Unused ranges:

         From           To      Size
         ----           --      ----
  0x2007'15f0  0x2008'7fff  0x1'6a10


*******************************************************************************
*** INIT TABLE
***

          Address      Size
          -------      ----
Copy (__iar_copy_init3)
    1 source range, total size 0x14:
          0x2007'05dc  0x14
    1 destination range, total size 0x14:
          0x2007'05c8  0x14



*******************************************************************************
*** MODULE SUMMARY
***

    Module           ro code  ro data  rw data
    ------           -------  -------  -------
command line/config:
    ------------------------------------------
    Total:

C:\Users\nkill\Desktop\Mohmmad Hammoud's Work\DST 1\Lab 2 - DST 1\LabHW2\Debug\Obj: [1]
    cstartup.o            12
    exceptions.o           2
    main.o               844       16       16
    startup_sam3x.o       48      244
    system_sam3x.o       160        4        4
    ------------------------------------------
    Total:             1'066      264       20

dl7M_tln.a: [2]
    exit.o                 4
    ------------------------------------------
    Total:                 4

rt7M_tl.a: [3]
    cexit.o               10
    cmain.o               30
    copy_init3.o          46
    data_init.o           40
    ------------------------------------------
    Total:               126

shb_l.a: [4]
    exit.o                20
    ------------------------------------------
    Total:                20

    Linker created                 20    4'096
----------------------------------------------
    Grand Total:       1'216      284    4'116


*******************************************************************************
*** ENTRY LIST
***

Entry                       Address  Size  Type      Object
-----                       -------  ----  ----      ------
.iar.init_table$$Base   0x2007'05b4         --   Gb  - Linker created -
.iar.init_table$$Limit  0x2007'05c8         --   Gb  - Linker created -
.intvec$$Base           0x2007'0000         --   Gb  - Linker created -
.intvec$$Limit          0x2007'00f4         --   Gb  - Linker created -
?main                   0x2007'051d        Code  Gb  cmain.o [3]
ADC_Handler             0x2007'059f   0x2  Code  Wk  exceptions.o [1]
BusFault_Handler        0x2007'059f   0x2  Code  Wk  exceptions.o [1]
CAN0_Handler            0x2007'059f   0x2  Code  Wk  exceptions.o [1]
CAN1_Handler            0x2007'059f   0x2  Code  Wk  exceptions.o [1]
CSTACK$$Base            0x2007'05f0         --   Gb  - Linker created -
CSTACK$$Limit           0x2007'15f0         --   Gb  - Linker created -
DACC_Handler            0x2007'059f   0x2  Code  Wk  exceptions.o [1]
DMAC_Handler            0x2007'059f   0x2  Code  Wk  exceptions.o [1]
DebugMon_Handler        0x2007'059f   0x2  Code  Wk  exceptions.o [1]
Delay                   0x2007'00f5   0xe  Code  Gb  main.o [1]
Dummy_Handler           0x2007'059f   0x2  Code  Gb  exceptions.o [1]
EFC0_Handler            0x2007'059f   0x2  Code  Wk  exceptions.o [1]
EFC1_Handler            0x2007'059f   0x2  Code  Wk  exceptions.o [1]
HSMCI_Handler           0x2007'059f   0x2  Code  Wk  exceptions.o [1]
HardFault_Handler       0x2007'059f   0x2  Code  Wk  exceptions.o [1]
Init_Display            0x2007'022d  0xa8  Code  Gb  main.o [1]
MemManage_Handler       0x2007'059f   0x2  Code  Wk  exceptions.o [1]
NMI_Handler             0x2007'059f   0x2  Code  Wk  exceptions.o [1]
PIOA_Handler            0x2007'059f   0x2  Code  Wk  exceptions.o [1]
PIOB_Handler            0x2007'059f   0x2  Code  Wk  exceptions.o [1]
PIOC_Handler            0x2007'059f   0x2  Code  Wk  exceptions.o [1]
PIOD_Handler            0x2007'059f   0x2  Code  Wk  exceptions.o [1]
PMC_Handler             0x2007'059f   0x2  Code  Wk  exceptions.o [1]
PWM_Handler             0x2007'059f   0x2  Code  Wk  exceptions.o [1]
PendSV_Handler          0x2007'059f   0x2  Code  Wk  exceptions.o [1]
RSTC_Handler            0x2007'059f   0x2  Code  Wk  exceptions.o [1]
RTC_Handler             0x2007'059f   0x2  Code  Wk  exceptions.o [1]
RTT_Handler             0x2007'059f   0x2  Code  Wk  exceptions.o [1]
Read_Status_Display     0x2007'0103  0x76  Code  Gb  main.o [1]
Region$$Table$$Base     0x2007'05b4         --   Gb  - Linker created -
Region$$Table$$Limit    0x2007'05c8         --   Gb  - Linker created -
Reset_Handler           0x2007'0509   0x8  Code  Gb  startup_sam3x.o [1]
SPI0_Handler            0x2007'059f   0x2  Code  Wk  exceptions.o [1]
SSC_Handler             0x2007'059f   0x2  Code  Wk  exceptions.o [1]
SUPC_Handler            0x2007'059f   0x2  Code  Wk  exceptions.o [1]
SVC_Handler             0x2007'059f   0x2  Code  Wk  exceptions.o [1]
SysTick_Handler         0x2007'059f   0x2  Code  Wk  exceptions.o [1]
SystemCoreClock         0x2007'05c8   0x4  Data  Gb  system_sam3x.o [1]
SystemInit              0x2007'0441  0x70  Code  Gb  system_sam3x.o [1]
TC0_Handler             0x2007'059f   0x2  Code  Wk  exceptions.o [1]
TC1_Handler             0x2007'059f   0x2  Code  Wk  exceptions.o [1]
TC2_Handler             0x2007'059f   0x2  Code  Wk  exceptions.o [1]
TC3_Handler             0x2007'059f   0x2  Code  Wk  exceptions.o [1]
TC4_Handler             0x2007'059f   0x2  Code  Wk  exceptions.o [1]
TC5_Handler             0x2007'059f   0x2  Code  Wk  exceptions.o [1]
TRNG_Handler            0x2007'059f   0x2  Code  Wk  exceptions.o [1]
TWI0_Handler            0x2007'059f   0x2  Code  Wk  exceptions.o [1]
TWI1_Handler            0x2007'059f   0x2  Code  Wk  exceptions.o [1]
UART_Handler            0x2007'059f   0x2  Code  Wk  exceptions.o [1]
UOTGHS_Handler          0x2007'059f   0x2  Code  Wk  exceptions.o [1]
USART0_Handler          0x2007'059f   0x2  Code  Wk  exceptions.o [1]
USART1_Handler          0x2007'059f   0x2  Code  Wk  exceptions.o [1]
USART2_Handler          0x2007'059f   0x2  Code  Wk  exceptions.o [1]
UsageFault_Handler      0x2007'059f   0x2  Code  Wk  exceptions.o [1]
WDT_Handler             0x2007'059f   0x2  Code  Wk  exceptions.o [1]
Write_Command_2_Display
                        0x2007'0179  0x5a  Code  Gb  main.o [1]
Write_Data_2_Display    0x2007'01d3  0x5a  Code  Gb  main.o [1]
__cmain                 0x2007'051d        Code  Gb  cmain.o [3]
__exit                  0x2007'05a1  0x14  Code  Gb  exit.o [4]
__iar_copy_init3        0x2007'053b  0x2e  Code  Gb  copy_init3.o [3]
__iar_data_init3        0x2007'0569  0x28  Code  Gb  data_init.o [3]
__iar_program_start     0x2007'0511        Code  Gb  cstartup.o [1]
__low_level_init        0x2007'04e1  0x20  Code  Gb  startup_sam3x.o [1]
__vector_table          0x2007'0000  0xf4  Data  Gb  startup_sam3x.o [1]
_call_main              0x2007'0529        Code  Gb  cmain.o [3]
_exit                   0x2007'0595        Code  Gb  cexit.o [3]
_main                   0x2007'0533        Code  Gb  cmain.o [3]
col                     0x2007'05cc   0x4  Data  Gb  main.o [1]
configure               0x2007'02d5  0x3a  Code  Gb  main.o [1]
exit                    0x2007'0591   0x4  Code  Gb  exit.o [2]
main                    0x2007'0385  0x72  Code  Gb  main.o [1]
program                 0x2007'030f  0x76  Code  Gb  main.o [1]
row                     0x2007'05d0   0x4  Data  Gb  main.o [1]
val                     0x2007'05d4   0x4  Data  Gb  main.o [1]
value                   0x2007'05d8   0x4  Data  Gb  main.o [1]


[1] = C:\Users\nkill\Desktop\Mohmmad Hammoud's Work\DST 1\Lab 2 - DST 1\LabHW2\Debug\Obj
[2] = dl7M_tln.a
[3] = rt7M_tl.a
[4] = shb_l.a

  1'216 bytes of readonly  code memory
    284 bytes of readonly  data memory
  4'116 bytes of readwrite data memory

Errors: none
Warnings: none
